\BOOKMARK [1][-]{section.1}{\376\377\000M\000\364\000\040\000h\000\354\000n\000h\000\040\000h\000\363\000a\000\040\000y\000\352\000u\000\040\000c\036\247\000u\000\040\000c\000h\036\351\000c\000\040\000n\001\003\000n\000g}{}% 1
\BOOKMARK [2][-]{subsection.1.1}{\376\377\000T\000\341\000c\000\040\000n\000h\000\342\000n\000\040\000v\000\340\000\040\000s\001\241\000\040\001\021\036\323\000\040\000u\000s\000e\000\040\000c\000a\000s\000e\000\040\000t\036\325\000n\000g\000\040\000q\000u\000a\000n}{section.1}% 2
\BOOKMARK [2][-]{subsection.1.2}{\376\377\000D\000a\000n\000h\000\040\000s\000\341\000c\000h\000\040\000u\000s\000e\000\040\000c\000a\000s\000e}{section.1}% 3
\BOOKMARK [2][-]{subsection.1.3}{\376\377\000Q\000u\000y\000\040\001\260\036\333\000c\000\040\000m\000\364\000\040\000t\036\243\000\040\000c\000h\036\351\000c\000\040\000n\001\003\000n\000g}{section.1}% 4
\BOOKMARK [2][-]{subsection.1.4}{\376\377\000M\000\364\000\040\000t\036\243\000\040\000c\000h\000i\000\040\000t\000i\036\277\000t\000\040\000c\000\341\000c\000\040\000u\000s\000e\000\040\000c\000a\000s\000e}{section.1}% 5
\BOOKMARK [3][-]{subsubsection.1.4.1}{\376\377\001\020\001\003\000n\000g\000\040\000n\000h\036\255\000p}{subsection.1.4}% 6
\BOOKMARK [3][-]{subsubsection.1.4.2}{\376\377\000X\000e\000m\000\040\000t\036\325\000n\000g\000\040\000q\000u\000a\000n\000\040\000g\000i\036\243\000n\000g\000\040\000d\036\241\000y}{subsection.1.4}% 7
\BOOKMARK [3][-]{subsubsection.1.4.3}{\376\377\000C\036\255\000p\000\040\000n\000h\036\255\000t\000\040\000h\036\323\000\040\000s\001\241\000\040\000c\000\341\000\040\000n\000h\000\342\000n}{subsection.1.4}% 8
\BOOKMARK [3][-]{subsubsection.1.4.4}{\376\377\000L\000i\000\352\000n\000\040\000k\036\277\000t\000\040\000t\000\340\000i\000\040\000k\000h\000o\036\243\000n\000\040\000D\000i\000s\000c\000o\000r\000d}{subsection.1.4}% 9
\BOOKMARK [3][-]{subsubsection.1.4.5}{\376\377\000Q\000u\036\243\000n\000\040\000l\000\375\000\040\000h\036\315\000c\000\040\000s\000i\000n\000h}{subsection.1.4}% 10
\BOOKMARK [3][-]{subsubsection.1.4.6}{\376\377\000Q\000u\036\243\000n\000\040\000l\000\375\000\040\000g\000h\000i\000\040\000d\000a\000n\000h\000\040\000h\036\315\000c\000\040\000s\000i\000n\000h}{subsection.1.4}% 11
\BOOKMARK [3][-]{subsubsection.1.4.7}{\376\377\000X\036\355\000\040\000l\000\375\000\040\000h\036\315\000c\000\040\000s\000i\000n\000h\000\040\000c\000h\036\335\000\040\000l\001\260\000u\000\040\000t\000r\036\357}{subsection.1.4}% 12
\BOOKMARK [3][-]{subsubsection.1.4.8}{\376\377\000Q\000u\036\243\000n\000\040\000l\000\375\000\040\000l\036\333\000p\000\040\000h\036\315\000c}{subsection.1.4}% 13
\BOOKMARK [3][-]{subsubsection.1.4.9}{\376\377\000Q\000u\036\243\000n\000\040\000l\000\375\000\040\000l\036\313\000c\000h\000\040\000h\036\315\000c\000\040\001\021\036\313\000n\000h\000\040\000k\036\363}{subsection.1.4}% 14
\BOOKMARK [3][-]{subsubsection.1.4.10}{\376\377\000Q\000u\036\243\000n\000\040\000l\000\375\000\040\000b\000u\036\325\000i\000\040\000h\036\315\000c}{subsection.1.4}% 15
\BOOKMARK [3][-]{subsubsection.1.4.11}{\376\377\001\020\000i\036\303\000m\000\040\000d\000a\000n\000h\000\040\000b\000u\036\325\000i\000\040\000h\036\315\000c}{subsection.1.4}% 16
\BOOKMARK [3][-]{subsubsection.1.4.12}{\376\377\000T\000h\000e\000o\000\040\000d\000\365\000i\000\040\000k\036\277\000t\000\040\000q\000u\036\243\000\040\000h\036\315\000c\000\040\000t\036\255\000p}{subsection.1.4}% 17
\BOOKMARK [3][-]{subsubsection.1.4.13}{\376\377\000Q\000u\036\243\000n\000\040\000l\000\375\000\040\000g\000i\000a\000o\000\040\000d\036\313\000c\000h\000\040\000t\000\340\000i\000\040\000c\000h\000\355\000n\000h}{subsection.1.4}% 18
\BOOKMARK [3][-]{subsubsection.1.4.14}{\376\377\000X\000e\000m\000\040\000b\000\341\000o\000\040\000c\000\341\000o\000\040\000t\000\340\000i\000\040\000c\000h\000\355\000n\000h}{subsection.1.4}% 19
\BOOKMARK [3][-]{subsubsection.1.4.15}{\376\377\000T\000h\000i\036\277\000t\000\040\000l\036\255\000p\000\040\000D\000i\000s\000c\000o\000r\000d\000\040\000c\000h\000o\000\040\000l\036\333\000p\000\040\000h\036\315\000c}{subsection.1.4}% 20
\BOOKMARK [3][-]{subsubsection.1.4.16}{\376\377\000G\036\355\000i\000\040\000t\000h\000\364\000n\000g\000\040\000b\000\341\000o\000\040\000c\000h\000o\000\040\000h\036\315\000c\000\040\000s\000i\000n\000h}{subsection.1.4}% 21
\BOOKMARK [3][-]{subsubsection.1.4.17}{\376\377\000G\036\257\000n\000\040\000G\000y\000m\000\040\000C\000o\000d\000e\000f\000o\000r\000c\000e\000s\000\040\000c\000h\000o\000\040\000l\036\333\000p\000\040\000h\036\315\000c}{subsection.1.4}% 22
\BOOKMARK [3][-]{subsubsection.1.4.18}{\376\377\000X\000e\000m\000\040\000b\036\243\000n\000g\000\040\000x\036\277\000p\000\040\000h\036\241\000n\000g\000\040\000G\000y\000m}{subsection.1.4}% 23
\BOOKMARK [3][-]{subsubsection.1.4.19}{\376\377\000Q\000u\036\243\000n\000\040\000l\000\375\000\040\000t\000\340\000i\000\040\000k\000h\000o\036\243\000n\000\040\000g\000i\000\341\000o\000\040\000v\000i\000\352\000n}{subsection.1.4}% 24
\BOOKMARK [3][-]{subsubsection.1.4.20}{\376\377\000C\036\245\000u\000\040\000h\000\354\000n\000h\000\040\000b\000o\000t\000\040\000D\000i\000s\000c\000o\000r\000d}{subsection.1.4}% 25
\BOOKMARK [3][-]{subsubsection.1.4.21}{\376\377\000U\036\367\000\040\000q\000u\000y\036\301\000n\000\040\000q\000u\036\243\000n\000\040\000l\000\375\000\040\000D\000i\000s\000c\000o\000r\000d\000\040\000G\000u\000i\000l\000d}{subsection.1.4}% 26
\BOOKMARK [2][-]{subsection.1.5}{\376\377\000S\001\241\000\040\001\021\036\323\000\040\000t\000r\036\241\000n\000g\000\040\000t\000h\000\341\000i}{section.1}% 27
\BOOKMARK [3][-]{subsubsection.1.5.1}{\376\377\000T\000r\036\241\000n\000g\000\040\000t\000h\000\341\000i\000\040\000h\036\315\000c\000\040\000s\000i\000n\000h}{subsection.1.5}% 28
\BOOKMARK [3][-]{subsubsection.1.5.2}{\376\377\000T\000r\036\241\000n\000g\000\040\000t\000h\000\341\000i\000\040\000b\000u\036\325\000i\000\040\000h\036\315\000c}{subsection.1.5}% 29
