\BOOKMARK [1][-]{section.6}{\376\377\000T\000h\000i\036\277\000t\000\040\000k\036\277\000\040\000c\001\241\000\040\000s\036\337\000\040\000d\036\357\000\040\000l\000i\036\307\000u}{}% 1
\BOOKMARK [2][-]{subsection.6.1}{\376\377\000S\001\241\000\040\001\021\036\323\000\040\000l\036\333\000p}{section.6}% 2
\BOOKMARK [2][-]{subsection.6.2}{\376\377\000D\000a\000n\000h\000\040\000s\000\341\000c\000h\000\040\000c\000\341\000c\000\040\000l\036\333\000p\000\040\001\021\036\321\000i\000\040\000t\001\260\036\343\000n\000g}{section.6}% 3
\BOOKMARK [2][-]{subsection.6.3}{\376\377\000D\000a\000n\000h\000\040\000s\000\341\000c\000h\000\040\000c\000\341\000c\000\040\000q\000u\000a\000n\000\040\000h\036\307}{section.6}% 4
\BOOKMARK [2][-]{subsection.6.4}{\376\377\000M\000\364\000\040\000t\036\243\000\040\000t\036\353\000n\000g\000\040\000l\036\333\000p\000\040\001\021\036\321\000i\000\040\000t\001\260\036\343\000n\000g}{section.6}% 5
\BOOKMARK [3][-]{subsubsection.6.4.1}{\376\377\000L\036\333\000p\000\040\000t\000e\000a\000c\000h\000e\000r\000s}{subsection.6.4}% 6
\BOOKMARK [3][-]{subsubsection.6.4.2}{\376\377\000L\036\333\000p\000\040\000t\000e\000a\000c\000h\000e\000r\000\137\000c\000o\000d\000e\000f\000o\000r\000c\000e\000s\000\137\000c\000r\000e\000d\000e\000n\000t\000i\000a\000l}{subsection.6.4}% 7
\BOOKMARK [3][-]{subsubsection.6.4.3}{\376\377\000L\036\333\000p\000\040\000d\000i\000s\000c\000o\000r\000d\000\137\000b\000o\000t\000\137\000c\000r\000e\000d\000e\000n\000t\000i\000a\000l\000s}{subsection.6.4}% 8
\BOOKMARK [3][-]{subsubsection.6.4.4}{\376\377\000L\036\333\000p\000\040\000s\000t\000u\000d\000e\000n\000t\000s}{subsection.6.4}% 9
\BOOKMARK [3][-]{subsubsection.6.4.5}{\376\377\000L\036\333\000p\000\040\000s\000t\000u\000d\000e\000n\000t\000\137\000d\000i\000s\000c\000o\000r\000d\000\137\000c\000r\000e\000d\000e\000n\000t\000i\000a\000l}{subsection.6.4}% 10
\BOOKMARK [3][-]{subsubsection.6.4.6}{\376\377\000L\036\333\000p\000\040\000c\000l\000a\000s\000s\000e\000s}{subsection.6.4}% 11
\BOOKMARK [3][-]{subsubsection.6.4.7}{\376\377\000L\036\333\000p\000\040\000e\000n\000r\000o\000l\000l\000m\000e\000n\000t\000s}{subsection.6.4}% 12
\BOOKMARK [3][-]{subsubsection.6.4.8}{\376\377\000L\036\333\000p\000\040\000c\000l\000a\000s\000s\000\137\000s\000c\000h\000e\000d\000u\000l\000e\000s}{subsection.6.4}% 13
\BOOKMARK [3][-]{subsubsection.6.4.9}{\376\377\000L\036\333\000p\000\040\000s\000e\000s\000s\000i\000o\000n\000s}{subsection.6.4}% 14
\BOOKMARK [3][-]{subsubsection.6.4.10}{\376\377\000L\036\333\000p\000\040\000a\000t\000t\000e\000n\000d\000a\000n\000c\000e}{subsection.6.4}% 15
\BOOKMARK [3][-]{subsubsection.6.4.11}{\376\377\000L\036\333\000p\000\040\000t\000r\000a\000n\000s\000a\000c\000t\000i\000o\000n\000s}{subsection.6.4}% 16
\BOOKMARK [3][-]{subsubsection.6.4.12}{\376\377\000L\036\333\000p\000\040\000f\000e\000e\000\137\000r\000e\000c\000o\000r\000d\000s}{subsection.6.4}% 17
\BOOKMARK [3][-]{subsubsection.6.4.13}{\376\377\000L\036\333\000p\000\040\000c\000l\000a\000s\000s\000\137\000d\000i\000s\000c\000o\000r\000d\000\137\000b\000i\000n\000d\000i\000n\000g\000s}{subsection.6.4}% 18
\BOOKMARK [3][-]{subsubsection.6.4.14}{\376\377\000L\036\333\000p\000\040\000g\000y\000m\000s}{subsection.6.4}% 19
\BOOKMARK [3][-]{subsubsection.6.4.15}{\376\377\000L\036\333\000p\000\040\000g\000y\000m\000\137\000p\000r\000o\000b\000l\000e\000m\000s}{subsection.6.4}% 20
\BOOKMARK [3][-]{subsubsection.6.4.16}{\376\377\000L\036\333\000p\000\040\000g\000y\000m\000\137\000s\000t\000a\000n\000d\000i\000n\000g\000s}{subsection.6.4}% 21
