\BOOKMARK [1][-]{section.3}{\376\377\000M\000\364\000\040\000h\000\354\000n\000h\000\040\000h\000o\000\341\000\040\000y\000\352\000u\000\040\000c\036\247\000u\000\040\000c\000h\036\351\000c\000\040\000n\001\003\000n\000g}{}% 1
\BOOKMARK [2][-]{subsection.3.1}{\376\377\000T\036\325\000n\000g\000\040\000q\000u\000a\000n\000\040\000v\036\301\000\040\000m\000\364\000\040\000h\000\354\000n\000h\000\040\000h\000o\000\341\000\040\000y\000\352\000u\000\040\000c\036\247\000u}{section.3}% 2
\BOOKMARK [2][-]{subsection.3.2}{\376\377\000M\000\364\000\040\000h\000\354\000n\000h\000\040\000h\000o\000\341\000\040\000t\000h\000e\000o\000\040\000c\000h\036\351\000c\000\040\000n\001\003\000n\000g\000\040\000\050\000D\000F\000D\000\040\040\023\000\040\000D\000a\000t\000a\000\040\000F\000l\000o\000w\000\040\000D\000i\000a\000g\000r\000a\000m\000\051}{section.3}% 3
\BOOKMARK [3][-]{subsubsection.3.2.1}{\376\377\000Q\000u\036\243\000n\000\040\000l\000\375\000\040\000t\000\340\000i\000\040\000k\000h\000o\036\243\000n}{subsection.3.2}% 4
\BOOKMARK [3][-]{subsubsection.3.2.2}{\376\377\000Q\000u\036\243\000n\000\040\000l\000\375\000\040\000h\036\315\000c\000\040\000s\000i\000n\000h\000\040\000v\000\340\000\040\000g\000h\000i\000\040\000d\000a\000n\000h}{subsection.3.2}% 5
\BOOKMARK [3][-]{subsubsection.3.2.3}{\376\377\000Q\000u\036\243\000n\000\040\000l\000\375\000\040\000l\036\333\000p\000\040\000h\036\315\000c\000,\000\040\000l\036\313\000c\000h\000\040\000h\036\315\000c\000\040\000v\000\340\000\040\000b\000u\036\325\000i\000\040\000h\036\315\000c}{subsection.3.2}% 6
\BOOKMARK [3][-]{subsubsection.3.2.4}{\376\377\000Q\000u\036\243\000n\000\040\000l\000\375\000\040\001\021\000i\036\303\000m\000\040\000d\000a\000n\000h\000,\000\040\000t\000\340\000i\000\040\000c\000h\000\355\000n\000h\000\040\000v\000\340\000\040\000b\000\341\000o\000\040\000c\000\341\000o}{subsection.3.2}% 7
\BOOKMARK [3][-]{subsubsection.3.2.5}{\376\377\000Q\000u\036\243\000n\000\040\000l\000\375\000\040\000D\000i\000s\000c\000o\000r\000d\000\040\000v\000\340\000\040\000C\000o\000d\000e\000f\000o\000r\000c\000e\000s\000\040\000G\000y\000m}{subsection.3.2}% 8
\BOOKMARK [3][-]{subsubsection.3.2.6}{\376\377\000Q\000u\036\243\000n\000\040\000t\000r\036\313\000\040\000h\036\307\000\040\000t\000h\036\321\000n\000g\000\040\000v\000\340\000\040\000t\036\325\000n\000g\000\040\000q\000u\000a\000n}{subsection.3.2}% 9
\BOOKMARK [2][-]{subsection.3.3}{\376\377\000S\001\241\000\040\001\021\036\323\000\040\000s\036\355\000\040\000d\036\345\000n\000g\000\040\000c\000h\036\351\000c\000\040\000n\001\003\000n\000g\000\040\000\050\000U\000s\000e\000\040\000C\000a\000s\000e\000\040\000D\000i\000a\000g\000r\000a\000m\000\051}{section.3}% 10
\BOOKMARK [3][-]{subsubsection.3.3.1}{\376\377\000D\000a\000n\000h\000\040\000s\000\341\000c\000h\000\040\000c\000\341\000c\000\040\000A\000c\000t\000o\000r}{subsection.3.3}% 11
\BOOKMARK [3][-]{subsubsection.3.3.2}{\376\377\000S\001\241\000\040\001\021\036\323\000\040\000U\000s\000e\000\040\000C\000a\000s\000e\000\040\000t\036\325\000n\000g\000\040\000q\000u\000a\000n}{subsection.3.3}% 12
\BOOKMARK [3][-]{subsubsection.3.3.3}{\376\377\001\020\036\267\000c\000\040\000t\036\243\000\040\000c\000\341\000c\000\040\000U\000s\000e\000\040\000C\000a\000s\000e}{subsection.3.3}% 13
\BOOKMARK [2][-]{subsection.3.4}{\376\377\000S\001\241\000\040\001\021\036\323\000\040\000t\000u\036\247\000n\000\040\000t\036\361\000\040\000\050\000S\000e\000q\000u\000e\000n\000c\000e\000\040\000D\000i\000a\000g\000r\000a\000m\000\051}{section.3}% 14
\BOOKMARK [3][-]{subsubsection.3.4.1}{\376\377\000S\000e\000q\000u\000e\000n\000c\000e\000\040\000D\000i\000a\000g\000r\000a\000m\000\040\000c\000h\000o\000\040\001\021\001\003\000n\000g\000\040\000n\000h\036\255\000p\000\040\000h\036\307\000\040\000t\000h\036\321\000n\000g}{subsection.3.4}% 15
\BOOKMARK [3][-]{subsubsection.3.4.2}{\376\377\000S\000e\000q\000u\000e\000n\000c\000e\000\040\000D\000i\000a\000g\000r\000a\000m\000\040\000c\000h\000o\000\040\000w\000o\000r\000k\000e\000r\000\040\001\021\036\323\000n\000g\000\040\000b\036\331\000\040\000t\000h\000\364\000n\000g\000\040\000t\000i\000n\000\040\000t\036\353\000\040\000C\000o\000d\000e\000f\000o\000r\000c\000e\000s}{subsection.3.4}% 16
\BOOKMARK [3][-]{subsubsection.3.4.3}{\376\377\000S\000e\000q\000u\000e\000n\000c\000e\000\040\000D\000i\000a\000g\000r\000a\000m\000\040\000c\000h\000o\000\040\001\021\000i\036\303\000m\000\040\000d\000a\000n\000h\000\040\000b\000u\036\325\000i\000\040\000h\036\315\000c}{subsection.3.4}% 17
\BOOKMARK [3][-]{subsubsection.3.4.4}{\376\377\000S\000e\000q\000u\000e\000n\000c\000e\000\040\000D\000i\000a\000g\000r\000a\000m\000\040\000c\000h\000o\000\040\000u\036\367\000\040\000q\000u\000y\036\301\000n\000\040\000q\000u\036\243\000n\000\040\000l\000\375\000\040\000D\000i\000s\000c\000o\000r\000d\000\040\000G\000u\000i\000l\000d}{subsection.3.4}% 18
\BOOKMARK [3][-]{subsubsection.3.4.5}{\376\377\000S\000e\000q\000u\000e\000n\000c\000e\000\040\000D\000i\000a\000g\000r\000a\000m\000\040\000c\000h\000o\000\040\000g\036\257\000n\000\040\000G\000y\000m\000\040\000C\000o\000d\000e\000f\000o\000r\000c\000e\000s\000\040\000c\000h\000o\000\040\000l\036\333\000p\000\040\000h\036\315\000c}{subsection.3.4}% 19
\BOOKMARK [2][-]{subsection.3.5}{\376\377\000S\001\241\000\040\001\021\036\323\000\040\000h\000o\036\241\000t\000\040\001\021\036\331\000n\000g\000\040\000\050\000A\000c\000t\000i\000v\000i\000t\000y\000\040\000D\000i\000a\000g\000r\000a\000m\000\051}{section.3}% 20
\BOOKMARK [3][-]{subsubsection.3.5.1}{\376\377\000A\000c\000t\000i\000v\000i\000t\000y\000\040\000D\000i\000a\000g\000r\000a\000m\000\040\000c\000h\000o\000\040\000q\000u\036\243\000n\000\040\000l\000\375\000\040\000h\036\315\000c\000\040\000s\000i\000n\000h}{subsection.3.5}% 21
\BOOKMARK [3][-]{subsubsection.3.5.2}{\376\377\000A\000c\000t\000i\000v\000i\000t\000y\000\040\000D\000i\000a\000g\000r\000a\000m\000\040\000c\000h\000o\000\040\000w\000o\000r\000k\000e\000r\000\040\001\021\036\323\000n\000g\000\040\000b\036\331\000\040\000t\000h\000\364\000n\000g\000\040\000t\000i\000n\000\040\000t\036\353\000\040\000C\000o\000d\000e\000f\000o\000r\000c\000e\000s}{subsection.3.5}% 22
\BOOKMARK [3][-]{subsubsection.3.5.3}{\376\377\000A\000c\000t\000i\000v\000i\000t\000y\000\040\000D\000i\000a\000g\000r\000a\000m\000\040\000c\000h\000o\000\040\000q\000u\036\243\000n\000\040\000l\000\375\000\040\000b\000u\036\325\000i\000\040\000h\036\315\000c}{subsection.3.5}% 23
\BOOKMARK [3][-]{subsubsection.3.5.4}{\376\377\000A\000c\000t\000i\000v\000i\000t\000y\000\040\000D\000i\000a\000g\000r\000a\000m\000\040\000c\000h\000o\000\040\001\021\000i\036\303\000m\000\040\000d\000a\000n\000h\000\040\000b\000u\036\325\000i\000\040\000h\036\315\000c}{subsection.3.5}% 24
\BOOKMARK [3][-]{subsubsection.3.5.5}{\376\377\000A\000c\000t\000i\000v\000i\000t\000y\000\040\000D\000i\000a\000g\000r\000a\000m\000\040\000c\000h\000o\000\040\000x\036\355\000\040\000l\000\375\000\040\000h\036\315\000c\000\040\000s\000i\000n\000h\000\040\000c\000h\036\335\000\040\000l\001\260\000u\000\040\000t\000r\036\357}{subsection.3.5}% 25
