\BOOKMARK [1][-]{section.1}{\376\377\000T\036\325\000n\000g\000\040\000q\000u\000a\000n\000\040\001\021\036\301\000\040\000t\000\340\000i}{}% 1
\BOOKMARK [2][-]{subsection.1.1}{\376\377\000G\000i\036\333\000i\000\040\000t\000h\000i\036\307\000u\000\040\001\021\036\301\000\040\000t\000\340\000i}{section.1}% 2
\BOOKMARK [2][-]{subsection.1.2}{\376\377\000M\036\345\000c\000\040\000t\000i\000\352\000u\000\040\000p\000h\036\247\000n\000\040\000m\036\301\000m}{section.1}% 3
\BOOKMARK [2][-]{subsection.1.3}{\376\377\000P\000h\036\241\000m\000\040\000v\000i\000\040\000p\000h\036\247\000n\000\040\000m\036\301\000m}{section.1}% 4
\BOOKMARK [1][-]{section.2}{\376\377\000X\000\341\000c\000\040\001\021\036\313\000n\000h\000\040\000v\000\340\000\040\000t\000h\000u\000\040\000t\000h\036\255\000p\000\040\000y\000\352\000u\000\040\000c\036\247\000u}{}% 5
\BOOKMARK [2][-]{subsection.2.1}{\376\377\000K\036\277\000\040\000h\000o\036\241\000c\000h\000\040\000v\000\340\000\040\000p\000h\001\260\001\241\000n\000g\000\040\000p\000h\000\341\000p\000\040\000k\000h\036\243\000o\000\040\000s\000\341\000t}{section.2}% 6
\BOOKMARK [3][-]{subsubsection.2.1.1}{\376\377\001\020\036\321\000i\000\040\000t\001\260\036\343\000n\000g\000\040\000v\000\340\000\040\001\021\036\313\000a\000\040\001\021\000i\036\303\000m\000\040\000k\000h\036\243\000o\000\040\000s\000\341\000t}{subsection.2.1}% 7
\BOOKMARK [3][-]{subsubsection.2.1.2}{\376\377\000C\000\341\000c\000\040\000p\000h\001\260\001\241\000n\000g\000\040\000p\000h\000\341\000p\000\040\000k\000h\036\243\000o\000\040\000s\000\341\000t}{subsection.2.1}% 8
\BOOKMARK [2][-]{subsection.2.2}{\376\377\000K\000h\036\243\000o\000\040\000s\000\341\000t\000\040\000h\000i\036\307\000n\000\040\000t\000r\036\241\000n\000g}{section.2}% 9
\BOOKMARK [3][-]{subsubsection.2.2.1}{\376\377\000H\000i\036\307\000n\000\040\000t\000r\036\241\000n\000g\000\040\000t\036\325\000\040\000c\000h\036\351\000c}{subsection.2.2}% 10
\BOOKMARK [3][-]{subsubsection.2.2.2}{\376\377\000H\000i\036\307\000n\000\040\000t\000r\036\241\000n\000g\000\040\000n\000g\000h\000i\036\307\000p\000\040\000v\036\345}{subsection.2.2}% 11
\BOOKMARK [3][-]{subsubsection.2.2.3}{\376\377\000H\000i\036\307\000n\000\040\000t\000r\036\241\000n\000g\000\040\000t\000i\000n\000\040\000h\036\315\000c}{subsection.2.2}% 12
\BOOKMARK [2][-]{subsection.2.3}{\376\377\001\020\000\341\000n\000h\000\040\000g\000i\000\341\000\040\000h\000i\036\307\000n\000\040\000t\000r\036\241\000n\000g\000\040\000v\000\340\000\040\000n\000h\036\357\000n\000g\000\040\000t\000\355\000n\000h\000\040\000n\001\003\000n\000g\000\040\000m\000o\000n\000g\000\040\000m\000u\036\321\000n}{section.2}% 13
\BOOKMARK [3][-]{subsubsection.2.3.1}{\376\377\001\257\000u\000\040\001\021\000i\036\303\000m}{subsection.2.3}% 14
\BOOKMARK [3][-]{subsubsection.2.3.2}{\376\377\000N\000h\001\260\036\343\000c\000\040\001\021\000i\036\303\000m\000\040\000v\000\340\000\040\000k\000h\000\363\000\040\000k\000h\001\003\000n\000\040\000c\036\247\000n\000\040\000g\000i\036\243\000i\000\040\000q\000u\000y\036\277\000t}{subsection.2.3}% 15
\BOOKMARK [3][-]{subsubsection.2.3.3}{\376\377\000G\000i\036\243\000i\000\040\000p\000h\000\341\000p\000\040\000v\000\340\000\040\000t\000\355\000n\000h\000\040\000n\001\003\000n\000g\000\040\000m\000o\000n\000g\000\040\000m\000u\036\321\000n}{subsection.2.3}% 16
\BOOKMARK [2][-]{subsection.2.4}{\376\377\000X\000\341\000c\000\040\001\021\036\313\000n\000h\000\040\000v\000\340\000\040\000t\000h\000u\000\040\000t\000h\036\255\000p\000\040\000y\000\352\000u\000\040\000c\036\247\000u}{section.2}% 17
\BOOKMARK [1][-]{section.3}{\376\377\001\020\036\267\000c\000\040\000t\036\243\000\040\000v\000\340\000\040\000p\000h\000\342\000n\000\040\000t\000\355\000c\000h\000\040\000y\000\352\000u\000\040\000c\036\247\000u\000\040\000c\000h\036\351\000c\000\040\000n\001\003\000n\000g\000\040\000p\000h\036\247\000n\000\040\000m\036\301\000m}{}% 18
\BOOKMARK [2][-]{subsection.3.1}{\376\377\000Y\000\352\000u\000\040\000c\036\247\000u\000\040\000c\000h\036\351\000c\000\040\000n\001\003\000n\000g}{section.3}% 19
\BOOKMARK [3][-]{subsubsection.3.1.1}{\376\377\000Y\000\352\000u\000\040\000c\036\247\000u\000\040\000c\000h\036\351\000c\000\040\000n\001\003\000n\000g\000\040\000n\000g\000h\000i\036\307\000p\000\040\000v\036\345}{subsection.3.1}% 20
\BOOKMARK [3][-]{subsubsection.3.1.2}{\376\377\000D\000a\000n\000h\000\040\000s\000\341\000c\000h\000\040\000c\000\341\000c\000\040\000b\000i\036\303\000u\000\040\000m\036\253\000u\000\040\000v\000\340\000\040\000q\000u\000y\000\040\001\021\036\313\000n\000h}{subsection.3.1}% 21
\BOOKMARK [3][-]{subsubsection.3.1.3}{\376\377\000B\036\243\000n\000g\000\040\000t\000r\000\341\000c\000h\000\040\000n\000h\000i\036\307\000m\000\040\000y\000\352\000u\000\040\000c\036\247\000u\000\040\000n\000g\000h\000i\036\307\000p\000\040\000v\036\345}{subsection.3.1}% 22
\BOOKMARK [2][-]{subsection.3.2}{\376\377\000Y\000\352\000u\000\040\000c\036\247\000u\000\040\000p\000h\000i\000\040\000c\000h\036\351\000c\000\040\000n\001\003\000n\000g}{section.3}% 23
\BOOKMARK [3][-]{subsubsection.3.2.1}{\376\377\000Y\000\352\000u\000\040\000c\036\247\000u\000\040\000h\000i\036\307\000u\000\040\000q\000u\036\243}{subsection.3.2}% 24
\BOOKMARK [3][-]{subsubsection.3.2.2}{\376\377\000Y\000\352\000u\000\040\000c\036\247\000u\000\040\000t\000i\036\307\000n\000\040\000d\036\345\000n\000g}{subsection.3.2}% 25
\BOOKMARK [3][-]{subsubsection.3.2.3}{\376\377\000Y\000\352\000u\000\040\000c\036\247\000u\000\040\000t\001\260\001\241\000n\000g\000\040\000t\000h\000\355\000c\000h}{subsection.3.2}% 26
\BOOKMARK [3][-]{subsubsection.3.2.4}{\376\377\000Y\000\352\000u\000\040\000c\036\247\000u\000\040\000t\000i\036\277\000n\000\040\000h\000o\000\341}{subsection.3.2}% 27
\BOOKMARK [2][-]{subsection.3.3}{\376\377\000Y\000\352\000u\000\040\000c\036\247\000u\000\040\000h\036\307\000\040\000t\000h\036\321\000n\000g}{section.3}% 28
\BOOKMARK [3][-]{subsubsection.3.3.1}{\376\377\000Y\000\352\000u\000\040\000c\036\247\000u\000\040\000b\036\243\000o\000\040\000m\036\255\000t}{subsection.3.3}% 29
\BOOKMARK [3][-]{subsubsection.3.3.2}{\376\377\000Y\000\352\000u\000\040\000c\036\247\000u\000\040\000a\000n\000\040\000t\000o\000\340\000n}{subsection.3.3}% 30
\BOOKMARK [2][-]{subsection.3.4}{\376\377\000Y\000\352\000u\000\040\000c\036\247\000u\000\040\000c\000\364\000n\000g\000\040\000n\000g\000h\036\307}{section.3}% 31
\BOOKMARK [2][-]{subsection.3.5}{\376\377\000P\000h\000\342\000n\000\040\000t\000\355\000c\000h\000\040\000y\000\352\000u\000\040\000c\036\247\000u}{section.3}% 32
\BOOKMARK [1][-]{section.4}{\376\377\000M\000\364\000\040\000h\000\354\000n\000h\000\040\000h\000o\000\341\000\040\000y\000\352\000u\000\040\000c\036\247\000u\000\040\000c\000h\036\351\000c\000\040\000n\001\003\000n\000g}{}% 33
\BOOKMARK [2][-]{subsection.4.1}{\376\377\000T\036\325\000n\000g\000\040\000q\000u\000a\000n\000\040\000v\036\301\000\040\000m\000\364\000\040\000h\000\354\000n\000h\000\040\000h\000o\000\341\000\040\000y\000\352\000u\000\040\000c\036\247\000u}{section.4}% 34
\BOOKMARK [2][-]{subsection.4.2}{\376\377\000M\000\364\000\040\000h\000\354\000n\000h\000\040\000h\000o\000\341\000\040\000t\000h\000e\000o\000\040\000c\000h\036\351\000c\000\040\000n\001\003\000n\000g\000\040\000\050\000D\000F\000D\000\040\040\023\000\040\000D\000a\000t\000a\000\040\000F\000l\000o\000w\000\040\000D\000i\000a\000g\000r\000a\000m\000\051}{section.4}% 35
\BOOKMARK [3][-]{subsubsection.4.2.1}{\376\377\000Q\000u\036\243\000n\000\040\000l\000\375\000\040\000t\000\340\000i\000\040\000k\000h\000o\036\243\000n}{subsection.4.2}% 36
\BOOKMARK [3][-]{subsubsection.4.2.2}{\376\377\000Q\000u\036\243\000n\000\040\000l\000\375\000\040\000h\036\315\000c\000\040\000s\000i\000n\000h\000\040\000v\000\340\000\040\000g\000h\000i\000\040\000d\000a\000n\000h}{subsection.4.2}% 37
\BOOKMARK [3][-]{subsubsection.4.2.3}{\376\377\000Q\000u\036\243\000n\000\040\000l\000\375\000\040\000l\036\333\000p\000\040\000h\036\315\000c\000,\000\040\000l\036\313\000c\000h\000\040\000h\036\315\000c\000\040\000v\000\340\000\040\000b\000u\036\325\000i\000\040\000h\036\315\000c}{subsection.4.2}% 38
\BOOKMARK [3][-]{subsubsection.4.2.4}{\376\377\000Q\000u\036\243\000n\000\040\000l\000\375\000\040\001\021\000i\036\303\000m\000\040\000d\000a\000n\000h\000,\000\040\000t\000\340\000i\000\040\000c\000h\000\355\000n\000h\000\040\000v\000\340\000\040\000b\000\341\000o\000\040\000c\000\341\000o}{subsection.4.2}% 39
\BOOKMARK [3][-]{subsubsection.4.2.5}{\376\377\000Q\000u\036\243\000n\000\040\000l\000\375\000\040\000D\000i\000s\000c\000o\000r\000d\000\040\000v\000\340\000\040\000C\000o\000d\000e\000f\000o\000r\000c\000e\000s\000\040\000G\000y\000m}{subsection.4.2}% 40
\BOOKMARK [3][-]{subsubsection.4.2.6}{\376\377\000Q\000u\036\243\000n\000\040\000t\000r\036\313\000\040\000h\036\307\000\040\000t\000h\036\321\000n\000g\000\040\000v\000\340\000\040\000t\036\325\000n\000g\000\040\000q\000u\000a\000n}{subsection.4.2}% 41
\BOOKMARK [2][-]{subsection.4.3}{\376\377\000S\001\241\000\040\001\021\036\323\000\040\000s\036\355\000\040\000d\036\345\000n\000g\000\040\000c\000h\036\351\000c\000\040\000n\001\003\000n\000g\000\040\000\050\000U\000s\000e\000\040\000C\000a\000s\000e\000\040\000D\000i\000a\000g\000r\000a\000m\000\051}{section.4}% 42
\BOOKMARK [3][-]{subsubsection.4.3.1}{\376\377\000D\000a\000n\000h\000\040\000s\000\341\000c\000h\000\040\000c\000\341\000c\000\040\000A\000c\000t\000o\000r}{subsection.4.3}% 43
\BOOKMARK [3][-]{subsubsection.4.3.2}{\376\377\000S\001\241\000\040\001\021\036\323\000\040\000U\000s\000e\000\040\000C\000a\000s\000e\000\040\000t\036\325\000n\000g\000\040\000q\000u\000a\000n}{subsection.4.3}% 44
\BOOKMARK [3][-]{subsubsection.4.3.3}{\376\377\001\020\036\267\000c\000\040\000t\036\243\000\040\000c\000\341\000c\000\040\000U\000s\000e\000\040\000C\000a\000s\000e}{subsection.4.3}% 45
\BOOKMARK [2][-]{subsection.4.4}{\376\377\000S\001\241\000\040\001\021\036\323\000\040\000t\000u\036\247\000n\000\040\000t\036\361\000\040\000\050\000S\000e\000q\000u\000e\000n\000c\000e\000\040\000D\000i\000a\000g\000r\000a\000m\000\051}{section.4}% 46
\BOOKMARK [3][-]{subsubsection.4.4.1}{\376\377\000S\000e\000q\000u\000e\000n\000c\000e\000\040\000D\000i\000a\000g\000r\000a\000m\000\040\000c\000h\000o\000\040\001\021\001\003\000n\000g\000\040\000n\000h\036\255\000p\000\040\000h\036\307\000\040\000t\000h\036\321\000n\000g}{subsection.4.4}% 47
\BOOKMARK [3][-]{subsubsection.4.4.2}{\376\377\000S\000e\000q\000u\000e\000n\000c\000e\000\040\000D\000i\000a\000g\000r\000a\000m\000\040\000c\000h\000o\000\040\000w\000o\000r\000k\000e\000r\000\040\001\021\036\323\000n\000g\000\040\000b\036\331\000\040\000t\000h\000\364\000n\000g\000\040\000t\000i\000n\000\040\000t\036\353\000\040\000C\000o\000d\000e\000f\000o\000r\000c\000e\000s}{subsection.4.4}% 48
\BOOKMARK [3][-]{subsubsection.4.4.3}{\376\377\000S\000e\000q\000u\000e\000n\000c\000e\000\040\000D\000i\000a\000g\000r\000a\000m\000\040\000c\000h\000o\000\040\001\021\000i\036\303\000m\000\040\000d\000a\000n\000h\000\040\000b\000u\036\325\000i\000\040\000h\036\315\000c}{subsection.4.4}% 49
\BOOKMARK [3][-]{subsubsection.4.4.4}{\376\377\000S\000e\000q\000u\000e\000n\000c\000e\000\040\000D\000i\000a\000g\000r\000a\000m\000\040\000c\000h\000o\000\040\000u\036\367\000\040\000q\000u\000y\036\301\000n\000\040\000q\000u\036\243\000n\000\040\000l\000\375\000\040\000D\000i\000s\000c\000o\000r\000d\000\040\000G\000u\000i\000l\000d}{subsection.4.4}% 50
\BOOKMARK [3][-]{subsubsection.4.4.5}{\376\377\000S\000e\000q\000u\000e\000n\000c\000e\000\040\000D\000i\000a\000g\000r\000a\000m\000\040\000c\000h\000o\000\040\000g\036\257\000n\000\040\000G\000y\000m\000\040\000C\000o\000d\000e\000f\000o\000r\000c\000e\000s\000\040\000c\000h\000o\000\040\000l\036\333\000p\000\040\000h\036\315\000c}{subsection.4.4}% 51
\BOOKMARK [2][-]{subsection.4.5}{\376\377\000S\001\241\000\040\001\021\036\323\000\040\000h\000o\036\241\000t\000\040\001\021\036\331\000n\000g\000\040\000\050\000A\000c\000t\000i\000v\000i\000t\000y\000\040\000D\000i\000a\000g\000r\000a\000m\000\051}{section.4}% 52
\BOOKMARK [3][-]{subsubsection.4.5.1}{\376\377\000A\000c\000t\000i\000v\000i\000t\000y\000\040\000D\000i\000a\000g\000r\000a\000m\000\040\000c\000h\000o\000\040\000q\000u\036\243\000n\000\040\000l\000\375\000\040\000h\036\315\000c\000\040\000s\000i\000n\000h}{subsection.4.5}% 53
\BOOKMARK [3][-]{subsubsection.4.5.2}{\376\377\000A\000c\000t\000i\000v\000i\000t\000y\000\040\000D\000i\000a\000g\000r\000a\000m\000\040\000c\000h\000o\000\040\000w\000o\000r\000k\000e\000r\000\040\001\021\036\323\000n\000g\000\040\000b\036\331\000\040\000t\000h\000\364\000n\000g\000\040\000t\000i\000n\000\040\000t\036\353\000\040\000C\000o\000d\000e\000f\000o\000r\000c\000e\000s}{subsection.4.5}% 54
\BOOKMARK [3][-]{subsubsection.4.5.3}{\376\377\000A\000c\000t\000i\000v\000i\000t\000y\000\040\000D\000i\000a\000g\000r\000a\000m\000\040\000c\000h\000o\000\040\000q\000u\036\243\000n\000\040\000l\000\375\000\040\000b\000u\036\325\000i\000\040\000h\036\315\000c}{subsection.4.5}% 55
\BOOKMARK [3][-]{subsubsection.4.5.4}{\376\377\000A\000c\000t\000i\000v\000i\000t\000y\000\040\000D\000i\000a\000g\000r\000a\000m\000\040\000c\000h\000o\000\040\001\021\000i\036\303\000m\000\040\000d\000a\000n\000h\000\040\000b\000u\036\325\000i\000\040\000h\036\315\000c}{subsection.4.5}% 56
\BOOKMARK [3][-]{subsubsection.4.5.5}{\376\377\000A\000c\000t\000i\000v\000i\000t\000y\000\040\000D\000i\000a\000g\000r\000a\000m\000\040\000c\000h\000o\000\040\000x\036\355\000\040\000l\000\375\000\040\000h\036\315\000c\000\040\000s\000i\000n\000h\000\040\000c\000h\036\335\000\040\000l\001\260\000u\000\040\000t\000r\036\357}{subsection.4.5}% 57
\BOOKMARK [1][-]{section.5}{\376\377\000K\000i\036\277\000n\000\040\000t\000r\000\372\000c\000\040\000h\036\307\000\040\000t\000h\036\321\000n\000g}{}% 58
\BOOKMARK [2][-]{subsection.5.1}{\376\377\000M\000\364\000\040\000h\000\354\000n\000h\000\040\000k\000i\036\277\000n\000\040\000t\000r\000\372\000c}{section.5}% 59
\BOOKMARK [2][-]{subsection.5.2}{\376\377\000S\001\241\000\040\001\021\036\323\000\040\000k\000i\036\277\000n\000\040\000t\000r\000\372\000c}{section.5}% 60
\BOOKMARK [2][-]{subsection.5.3}{\376\377\000M\000\364\000\040\000t\036\243\000\040\000c\000\341\000c\000\040\000t\000h\000\340\000n\000h\000\040\000p\000h\036\247\000n\000\040\000t\000r\000o\000n\000g\000\040\000h\036\307\000\040\000t\000h\036\321\000n\000g}{section.5}% 61
\BOOKMARK [2][-]{subsection.5.4}{\376\377\000T\000h\000i\036\277\000t\000\040\000k\036\277\000\040\000A\000P\000I\000\040\000e\000n\000d\000p\000o\000i\000n\000t}{section.5}% 62
\BOOKMARK [2][-]{subsection.5.5}{\376\377\000B\036\243\000o\000\040\000m\036\255\000t\000\040\000v\000\340\000\040\000k\000i\036\303\000m\000\040\000s\000o\000\341\000t\000\040\000t\000r\000u\000y\000\040\000c\036\255\000p}{section.5}% 63
\BOOKMARK [2][-]{subsection.5.6}{\376\377\000S\001\241\000\040\001\021\036\323\000\040\000t\000r\000i\036\303\000n\000\040\000k\000h\000a\000i}{section.5}% 64
\BOOKMARK [1][-]{section.6}{\376\377\000T\000h\000i\036\277\000t\000\040\000k\036\277\000\040\000c\001\241\000\040\000s\036\337\000\040\000d\036\357\000\040\000l\000i\036\307\000u}{}% 65
\BOOKMARK [2][-]{subsection.6.1}{\376\377\000S\001\241\000\040\001\021\036\323\000\040\000l\036\333\000p}{section.6}% 66
\BOOKMARK [2][-]{subsection.6.2}{\376\377\000D\000a\000n\000h\000\040\000s\000\341\000c\000h\000\040\000c\000\341\000c\000\040\000l\036\333\000p\000\040\001\021\036\321\000i\000\040\000t\001\260\036\343\000n\000g}{section.6}% 67
\BOOKMARK [2][-]{subsection.6.3}{\376\377\000D\000a\000n\000h\000\040\000s\000\341\000c\000h\000\040\000c\000\341\000c\000\040\000q\000u\000a\000n\000\040\000h\036\307}{section.6}% 68
\BOOKMARK [2][-]{subsection.6.4}{\376\377\000M\000\364\000\040\000t\036\243\000\040\000t\036\353\000n\000g\000\040\000l\036\333\000p\000\040\001\021\036\321\000i\000\040\000t\001\260\036\343\000n\000g}{section.6}% 69
\BOOKMARK [3][-]{subsubsection.6.4.1}{\376\377\000L\036\333\000p\000\040\000t\000e\000a\000c\000h\000e\000r\000s}{subsection.6.4}% 70
\BOOKMARK [3][-]{subsubsection.6.4.2}{\376\377\000L\036\333\000p\000\040\000t\000e\000a\000c\000h\000e\000r\000\137\000c\000o\000d\000e\000f\000o\000r\000c\000e\000s\000\137\000c\000r\000e\000d\000e\000n\000t\000i\000a\000l}{subsection.6.4}% 71
\BOOKMARK [3][-]{subsubsection.6.4.3}{\376\377\000L\036\333\000p\000\040\000d\000i\000s\000c\000o\000r\000d\000\137\000b\000o\000t\000\137\000c\000r\000e\000d\000e\000n\000t\000i\000a\000l\000s}{subsection.6.4}% 72
\BOOKMARK [3][-]{subsubsection.6.4.4}{\376\377\000L\036\333\000p\000\040\000s\000t\000u\000d\000e\000n\000t\000s}{subsection.6.4}% 73
\BOOKMARK [3][-]{subsubsection.6.4.5}{\376\377\000L\036\333\000p\000\040\000s\000t\000u\000d\000e\000n\000t\000\137\000d\000i\000s\000c\000o\000r\000d\000\137\000c\000r\000e\000d\000e\000n\000t\000i\000a\000l}{subsection.6.4}% 74
\BOOKMARK [3][-]{subsubsection.6.4.6}{\376\377\000L\036\333\000p\000\040\000c\000l\000a\000s\000s\000e\000s}{subsection.6.4}% 75
\BOOKMARK [3][-]{subsubsection.6.4.7}{\376\377\000L\036\333\000p\000\040\000e\000n\000r\000o\000l\000l\000m\000e\000n\000t\000s}{subsection.6.4}% 76
\BOOKMARK [3][-]{subsubsection.6.4.8}{\376\377\000L\036\333\000p\000\040\000c\000l\000a\000s\000s\000\137\000s\000c\000h\000e\000d\000u\000l\000e\000s}{subsection.6.4}% 77
\BOOKMARK [3][-]{subsubsection.6.4.9}{\376\377\000L\036\333\000p\000\040\000s\000e\000s\000s\000i\000o\000n\000s}{subsection.6.4}% 78
\BOOKMARK [3][-]{subsubsection.6.4.10}{\376\377\000L\036\333\000p\000\040\000a\000t\000t\000e\000n\000d\000a\000n\000c\000e}{subsection.6.4}% 79
\BOOKMARK [3][-]{subsubsection.6.4.11}{\376\377\000L\036\333\000p\000\040\000t\000r\000a\000n\000s\000a\000c\000t\000i\000o\000n\000s}{subsection.6.4}% 80
\BOOKMARK [3][-]{subsubsection.6.4.12}{\376\377\000L\036\333\000p\000\040\000f\000e\000e\000\137\000r\000e\000c\000o\000r\000d\000s}{subsection.6.4}% 81
\BOOKMARK [3][-]{subsubsection.6.4.13}{\376\377\000L\036\333\000p\000\040\000c\000l\000a\000s\000s\000\137\000d\000i\000s\000c\000o\000r\000d\000\137\000b\000i\000n\000d\000i\000n\000g\000s}{subsection.6.4}% 82
\BOOKMARK [3][-]{subsubsection.6.4.14}{\376\377\000L\036\333\000p\000\040\000g\000y\000m\000s}{subsection.6.4}% 83
\BOOKMARK [3][-]{subsubsection.6.4.15}{\376\377\000L\036\333\000p\000\040\000g\000y\000m\000\137\000p\000r\000o\000b\000l\000e\000m\000s}{subsection.6.4}% 84
\BOOKMARK [3][-]{subsubsection.6.4.16}{\376\377\000L\036\333\000p\000\040\000g\000y\000m\000\137\000s\000t\000a\000n\000d\000i\000n\000g\000s}{subsection.6.4}% 85
\BOOKMARK [1][-]{section.7}{\376\377\000T\000h\000i\036\277\000t\000\040\000k\036\277\000\040\000g\000i\000a\000o\000\040\000d\000i\036\307\000n}{}% 86
\BOOKMARK [2][-]{subsection.7.1}{\376\377\000D\000a\000n\000h\000\040\000s\000\341\000c\000h\000\040\000c\000\341\000c\000\040\000m\000\340\000n\000\040\000h\000\354\000n\000h}{section.7}% 87
\BOOKMARK [2][-]{subsection.7.2}{\376\377\000M\000\364\000\040\000t\036\243\000\040\000c\000\341\000c\000\040\000m\000\340\000n\000\040\000h\000\354\000n\000h}{section.7}% 88
\BOOKMARK [3][-]{subsubsection.7.2.1}{\376\377\001\020\001\003\000n\000g\000\040\000n\000h\036\255\000p}{subsection.7.2}% 89
\BOOKMARK [3][-]{subsubsection.7.2.2}{\376\377\001\020\001\003\000n\000g\000\040\000k\000\375}{subsection.7.2}% 90
\BOOKMARK [3][-]{subsubsection.7.2.3}{\376\377\000D\000a\000s\000h\000b\000o\000a\000r\000d}{subsection.7.2}% 91
\BOOKMARK [3][-]{subsubsection.7.2.4}{\376\377\000Q\000u\036\243\000n\000\040\000l\000\375\000\040\000t\000\340\000i\000\040\000k\000h\000o\036\243\000n}{subsection.7.2}% 92
\BOOKMARK [3][-]{subsubsection.7.2.5}{\376\377\000Q\000u\036\243\000n\000\040\000l\000\375\000\040\000h\036\315\000c\000\040\000s\000i\000n\000h}{subsection.7.2}% 93
\BOOKMARK [3][-]{subsubsection.7.2.6}{\376\377\000C\000h\000i\000\040\000t\000i\036\277\000t\000\040\000h\036\315\000c\000\040\000s\000i\000n\000h}{subsection.7.2}% 94
\BOOKMARK [3][-]{subsubsection.7.2.7}{\376\377\000Q\000u\036\243\000n\000\040\000l\000\375\000\040\000l\036\333\000p\000\040\000h\036\315\000c}{subsection.7.2}% 95
\BOOKMARK [3][-]{subsubsection.7.2.8}{\376\377\000C\000h\000i\000\040\000t\000i\036\277\000t\000\040\000l\036\333\000p\000\040\000h\036\315\000c}{subsection.7.2}% 96
\BOOKMARK [3][-]{subsubsection.7.2.9}{\376\377\000Q\000u\036\243\000n\000\040\000l\000\375\000\040\000b\000u\036\325\000i\000\040\000h\036\315\000c}{subsection.7.2}% 97
\BOOKMARK [3][-]{subsubsection.7.2.10}{\376\377\000C\000h\000i\000\040\000t\000i\036\277\000t\000\040\000b\000u\036\325\000i\000\040\000h\036\315\000c\000\040\000/\000\040\001\020\000i\036\303\000m\000\040\000d\000a\000n\000h}{subsection.7.2}% 98
\BOOKMARK [3][-]{subsubsection.7.2.11}{\376\377\000Q\000u\036\243\000n\000\040\000l\000\375\000\040\000t\000\340\000i\000\040\000c\000h\000\355\000n\000h}{subsection.7.2}% 99
\BOOKMARK [3][-]{subsubsection.7.2.12}{\376\377\000B\000\341\000o\000\040\000c\000\341\000o\000\040\000v\000\340\000\040\000t\000h\036\321\000n\000g\000\040\000k\000\352}{subsection.7.2}% 100
\BOOKMARK [3][-]{subsubsection.7.2.13}{\376\377\000B\036\243\000n\000g\000\040\000x\036\277\000p\000\040\000h\036\241\000n\000g\000\040\000C\000o\000d\000e\000f\000o\000r\000c\000e\000s\000\040\000G\000y\000m}{subsection.7.2}% 101
\BOOKMARK [1][-]{section.8}{\376\377\000P\000h\000\342\000n\000\040\000c\000h\000i\000a\000\040\000c\000\364\000n\000g\000\040\000v\000i\036\307\000c}{}% 102
